#-----------------------------------------------------------
# Vivado v2022.1 (64-bit)
# SW Build 3526262 on Mon Apr 18 15:48:16 MDT 2022
# IP Build 3524634 on Mon Apr 18 20:55:01 MDT 2022
# Start of session at: Sun Feb 26 14:41:45 2023
# Process ID: 9024
# Current directory: C:/FPGA/MemBench/vivado/ddrbench_vivado.runs/pynq_ddrbench_processing_system7_0_0_synth_1
# Command line: vivado.exe -log pynq_ddrbench_processing_system7_0_0.vds -product Vivado -mode batch -messageDb vivado.pb -notrace -source pynq_ddrbench_processing_system7_0_0.tcl
# Log file: C:/FPGA/MemBench/vivado/ddrbench_vivado.runs/pynq_ddrbench_processing_system7_0_0_synth_1/pynq_ddrbench_processing_system7_0_0.vds
# Journal file: C:/FPGA/MemBench/vivado/ddrbench_vivado.runs/pynq_ddrbench_processing_system7_0_0_synth_1\vivado.jou
# Running On: LenovoPC, OS: Windows, CPU Frequency: 1992 MHz, CPU Physical cores: 4, Host memory: 12723 MB
#-----------------------------------------------------------
source pynq_ddrbench_processing_system7_0_0.tcl -notrace
